// Validating benchmarks:
// ***** BenchmarkRunner: Start   *****
// ***** Found 2 benchmark(s) in total *****
// ***** Building 1 exe(s) in Parallel: Start   *****
// start dotnet  restore --nodeReuse:false /p:UseSharedCompilation=false /p:Deterministic=true /p:Optimize=true /p:ArtifactsPath="/home/thomas/Code/DatabaseManager/benchmark/BenchmarkDeJoin/bin/Release/net10.0/BenchmarkDeJoin-DefaultJob-1/" /p:OutDir="/home/thomas/Code/DatabaseManager/benchmark/BenchmarkDeJoin/bin/Release/net10.0/BenchmarkDeJoin-DefaultJob-1/bin/Release/net10.0/" /p:OutputPath="/home/thomas/Code/DatabaseManager/benchmark/BenchmarkDeJoin/bin/Release/net10.0/BenchmarkDeJoin-DefaultJob-1/bin/Release/net10.0/" /p:PublishDir="/home/thomas/Code/DatabaseManager/benchmark/BenchmarkDeJoin/bin/Release/net10.0/BenchmarkDeJoin-DefaultJob-1/publish/" in /home/thomas/Code/DatabaseManager/benchmark/BenchmarkDeJoin/bin/Release/net10.0/BenchmarkDeJoin-DefaultJob-1
// command took 2.76 sec and exited with 0
// start dotnet  build -c Release --no-restore --nodeReuse:false /p:UseSharedCompilation=false /p:Deterministic=true /p:Optimize=true /p:ArtifactsPath="/home/thomas/Code/DatabaseManager/benchmark/BenchmarkDeJoin/bin/Release/net10.0/BenchmarkDeJoin-DefaultJob-1/" /p:OutDir="/home/thomas/Code/DatabaseManager/benchmark/BenchmarkDeJoin/bin/Release/net10.0/BenchmarkDeJoin-DefaultJob-1/bin/Release/net10.0/" /p:OutputPath="/home/thomas/Code/DatabaseManager/benchmark/BenchmarkDeJoin/bin/Release/net10.0/BenchmarkDeJoin-DefaultJob-1/bin/Release/net10.0/" /p:PublishDir="/home/thomas/Code/DatabaseManager/benchmark/BenchmarkDeJoin/bin/Release/net10.0/BenchmarkDeJoin-DefaultJob-1/publish/" --output "/home/thomas/Code/DatabaseManager/benchmark/BenchmarkDeJoin/bin/Release/net10.0/BenchmarkDeJoin-DefaultJob-1/bin/Release/net10.0/" in /home/thomas/Code/DatabaseManager/benchmark/BenchmarkDeJoin/bin/Release/net10.0/BenchmarkDeJoin-DefaultJob-1
// command took 18.67 sec and exited with 0
// ***** Done, took 00:00:21 (21.52 sec)   *****
// Found 2 benchmarks:
//   Benchmarks.LoadDefinition: DefaultJob [NewMethod=false]
//   Benchmarks.LoadDefinition: DefaultJob [NewMethod=true]

// **************************
// Benchmark: Benchmarks.LoadDefinition: DefaultJob [NewMethod=false]
// *** Execute ***
// Launch: 1 / 1
// Execute: dotnet BenchmarkDeJoin-DefaultJob-1.dll --anonymousPipes 129 130 --benchmarkName "BenchmarkDeJoin.Benchmarks.LoadDefinition(NewMethod: \"false\")" --job Default --benchmarkId 0 in /home/thomas/Code/DatabaseManager/benchmark/BenchmarkDeJoin/bin/Release/net10.0/BenchmarkDeJoin-DefaultJob-1/bin/Release/net10.0
// Failed to set up high priority (Permission denied). In order to run benchmarks with high priority, make sure you have the right permissions.
// BeforeAnythingElse

// Benchmark Process Environment Information:
// BenchmarkDotNet v0.15.8
// Runtime=.NET 10.0.12 (10.0.12, 10.0.1226.42308), X64 RyuJIT x86-64-v3
// GC=Concurrent Workstation
// HardwareIntrinsics=AVX2+BMI1+BMI2+F16C+FMA+LZCNT+MOVBE,AVX,SSE3+SSSE3+SSE4.1+SSE4.2+POPCNT,X86Base+SSE+SSE2,AES+PCLMUL VectorSize=256
// Job: DefaultJob

OverheadJitting  1: 1 op, 176652.00 ns, 176.6520 us/op
WorkloadJitting  1: 1 op, 794247325.00 ns, 794.2473 ms/op

OverheadJitting  2: 1 op, 1447.00 ns, 1.4470 us/op
WorkloadJitting  2: 1 op, 72030694.00 ns, 72.0307 ms/op

WorkloadPilot    1: 2 op, 127566370.00 ns, 63.7832 ms/op
WorkloadPilot    2: 3 op, 175526594.00 ns, 58.5089 ms/op
WorkloadPilot    3: 4 op, 247842685.00 ns, 61.9607 ms/op
WorkloadPilot    4: 5 op, 302791994.00 ns, 60.5584 ms/op
WorkloadPilot    5: 6 op, 350290206.00 ns, 58.3817 ms/op
WorkloadPilot    6: 7 op, 419596889.00 ns, 59.9424 ms/op
WorkloadPilot    7: 8 op, 478310511.00 ns, 59.7888 ms/op
WorkloadPilot    8: 9 op, 564781680.00 ns, 62.7535 ms/op

WorkloadWarmup   1: 9 op, 568756565.00 ns, 63.1952 ms/op
WorkloadWarmup   2: 9 op, 560527967.00 ns, 62.2809 ms/op
WorkloadWarmup   3: 9 op, 565008821.00 ns, 62.7788 ms/op
WorkloadWarmup   4: 9 op, 513594278.00 ns, 57.0660 ms/op
WorkloadWarmup   5: 9 op, 493986371.00 ns, 54.8874 ms/op
WorkloadWarmup   6: 9 op, 486478317.00 ns, 54.0531 ms/op
WorkloadWarmup   7: 9 op, 481260340.00 ns, 53.4734 ms/op
WorkloadWarmup   8: 9 op, 454956474.00 ns, 50.5507 ms/op
WorkloadWarmup   9: 9 op, 444417643.00 ns, 49.3797 ms/op
WorkloadWarmup  10: 9 op, 422472061.00 ns, 46.9413 ms/op
WorkloadWarmup  11: 9 op, 535806010.00 ns, 59.5340 ms/op
WorkloadWarmup  12: 9 op, 484925931.00 ns, 53.8807 ms/op

// BeforeActualRun
WorkloadActual   1: 9 op, 426028357.00 ns, 47.3365 ms/op
WorkloadActual   2: 9 op, 418867589.00 ns, 46.5408 ms/op
WorkloadActual   3: 9 op, 426139253.00 ns, 47.3488 ms/op
WorkloadActual   4: 9 op, 411570221.00 ns, 45.7300 ms/op
WorkloadActual   5: 9 op, 413211727.00 ns, 45.9124 ms/op
WorkloadActual   6: 9 op, 399161705.00 ns, 44.3513 ms/op
WorkloadActual   7: 9 op, 414001587.00 ns, 46.0002 ms/op
WorkloadActual   8: 9 op, 402091763.00 ns, 44.6769 ms/op
WorkloadActual   9: 9 op, 398510219.00 ns, 44.2789 ms/op
WorkloadActual  10: 9 op, 405985164.00 ns, 45.1095 ms/op
WorkloadActual  11: 9 op, 398029581.00 ns, 44.2255 ms/op
WorkloadActual  12: 9 op, 398150056.00 ns, 44.2389 ms/op
WorkloadActual  13: 9 op, 403984548.00 ns, 44.8872 ms/op
WorkloadActual  14: 9 op, 397460021.00 ns, 44.1622 ms/op
WorkloadActual  15: 9 op, 434523015.00 ns, 48.2803 ms/op
WorkloadActual  16: 9 op, 426159756.00 ns, 47.3511 ms/op
WorkloadActual  17: 9 op, 551430068.00 ns, 61.2700 ms/op
WorkloadActual  18: 9 op, 429139860.00 ns, 47.6822 ms/op
WorkloadActual  19: 9 op, 398184628.00 ns, 44.2427 ms/op
WorkloadActual  20: 9 op, 401425679.00 ns, 44.6029 ms/op
WorkloadActual  21: 9 op, 388792092.00 ns, 43.1991 ms/op
WorkloadActual  22: 9 op, 399530846.00 ns, 44.3923 ms/op
WorkloadActual  23: 9 op, 402174859.00 ns, 44.6861 ms/op
WorkloadActual  24: 9 op, 402040388.00 ns, 44.6712 ms/op
WorkloadActual  25: 9 op, 398412725.00 ns, 44.2681 ms/op
WorkloadActual  26: 9 op, 394333067.00 ns, 43.8148 ms/op
WorkloadActual  27: 9 op, 405929760.00 ns, 45.1033 ms/op
WorkloadActual  28: 9 op, 399855046.00 ns, 44.4283 ms/op
WorkloadActual  29: 9 op, 396979493.00 ns, 44.1088 ms/op
WorkloadActual  30: 9 op, 400582737.00 ns, 44.5092 ms/op

// AfterActualRun
WorkloadResult   1: 9 op, 426028357.00 ns, 47.3365 ms/op
WorkloadResult   2: 9 op, 418867589.00 ns, 46.5408 ms/op
WorkloadResult   3: 9 op, 426139253.00 ns, 47.3488 ms/op
WorkloadResult   4: 9 op, 411570221.00 ns, 45.7300 ms/op
WorkloadResult   5: 9 op, 413211727.00 ns, 45.9124 ms/op
WorkloadResult   6: 9 op, 399161705.00 ns, 44.3513 ms/op
WorkloadResult   7: 9 op, 414001587.00 ns, 46.0002 ms/op
WorkloadResult   8: 9 op, 402091763.00 ns, 44.6769 ms/op
WorkloadResult   9: 9 op, 398510219.00 ns, 44.2789 ms/op
WorkloadResult  10: 9 op, 405985164.00 ns, 45.1095 ms/op
WorkloadResult  11: 9 op, 398029581.00 ns, 44.2255 ms/op
WorkloadResult  12: 9 op, 398150056.00 ns, 44.2389 ms/op
WorkloadResult  13: 9 op, 403984548.00 ns, 44.8872 ms/op
WorkloadResult  14: 9 op, 397460021.00 ns, 44.1622 ms/op
WorkloadResult  15: 9 op, 434523015.00 ns, 48.2803 ms/op
WorkloadResult  16: 9 op, 426159756.00 ns, 47.3511 ms/op
WorkloadResult  17: 9 op, 429139860.00 ns, 47.6822 ms/op
WorkloadResult  18: 9 op, 398184628.00 ns, 44.2427 ms/op
WorkloadResult  19: 9 op, 401425679.00 ns, 44.6029 ms/op
WorkloadResult  20: 9 op, 388792092.00 ns, 43.1991 ms/op
WorkloadResult  21: 9 op, 399530846.00 ns, 44.3923 ms/op
WorkloadResult  22: 9 op, 402174859.00 ns, 44.6861 ms/op
WorkloadResult  23: 9 op, 402040388.00 ns, 44.6712 ms/op
WorkloadResult  24: 9 op, 398412725.00 ns, 44.2681 ms/op
WorkloadResult  25: 9 op, 394333067.00 ns, 43.8148 ms/op
WorkloadResult  26: 9 op, 405929760.00 ns, 45.1033 ms/op
WorkloadResult  27: 9 op, 399855046.00 ns, 44.4283 ms/op
WorkloadResult  28: 9 op, 396979493.00 ns, 44.1088 ms/op
WorkloadResult  29: 9 op, 400582737.00 ns, 44.5092 ms/op

// AfterAll
// Benchmark Process 2976843 has exited with code 0.

Mean = 45.177 ms, StdErr = 0.246 ms (0.54%), N = 29, StdDev = 1.324 ms
Min = 43.199 ms, Q1 = 44.268 ms, Median = 44.671 ms, Q3 = 45.912 ms, Max = 48.280 ms
IQR = 1.644 ms, LowerFence = 41.802 ms, UpperFence = 48.379 ms
ConfidenceInterval = [44.274 ms; 46.081 ms] (CI 99.9%), Margin = 0.903 ms (2.00% of Mean)
Skewness = 0.91, Kurtosis = 2.57, MValue = 2.11

// ** Remained 1 (50.0%) benchmark(s) to run. Estimated finish 2026-09-16 13:44 (0h 0m from now) **
// **************************
// Benchmark: Benchmarks.LoadDefinition: DefaultJob [NewMethod=true]
// *** Execute ***
// Launch: 1 / 1
// Execute: dotnet BenchmarkDeJoin-DefaultJob-1.dll --anonymousPipes 129 130 --benchmarkName "BenchmarkDeJoin.Benchmarks.LoadDefinition(NewMethod: \"true\")" --job Default --benchmarkId 1 in /home/thomas/Code/DatabaseManager/benchmark/BenchmarkDeJoin/bin/Release/net10.0/BenchmarkDeJoin-DefaultJob-1/bin/Release/net10.0
// Failed to set up high priority (Permission denied). In order to run benchmarks with high priority, make sure you have the right permissions.
// BeforeAnythingElse

// Benchmark Process Environment Information:
// BenchmarkDotNet v0.15.8
// Runtime=.NET 10.0.12 (10.0.12, 10.0.1226.42308), X64 RyuJIT x86-64-v3
// GC=Concurrent Workstation
// HardwareIntrinsics=AVX2+BMI1+BMI2+F16C+FMA+LZCNT+MOVBE,AVX,SSE3+SSSE3+SSE4.1+SSE4.2+POPCNT,X86Base+SSE+SSE2,AES+PCLMUL VectorSize=256
// Job: DefaultJob

OverheadJitting  1: 1 op, 157625.00 ns, 157.6250 us/op
WorkloadJitting  1: 1 op, 535423570.00 ns, 535.4236 ms/op

OverheadJitting  2: 1 op, 497.00 ns, 497.0000 ns/op
WorkloadJitting  2: 1 op, 55842520.00 ns, 55.8425 ms/op

WorkloadPilot    1: 2 op, 101450401.00 ns, 50.7252 ms/op
WorkloadPilot    2: 3 op, 152015399.00 ns, 50.6718 ms/op
WorkloadPilot    3: 4 op, 355857954.00 ns, 88.9645 ms/op
WorkloadPilot    4: 5 op, 291007244.00 ns, 58.2014 ms/op
WorkloadPilot    5: 6 op, 289357027.00 ns, 48.2262 ms/op
WorkloadPilot    6: 7 op, 348403855.00 ns, 49.7720 ms/op
WorkloadPilot    7: 8 op, 379507511.00 ns, 47.4384 ms/op
WorkloadPilot    8: 9 op, 406530927.00 ns, 45.1701 ms/op
WorkloadPilot    9: 10 op, 439773202.00 ns, 43.9773 ms/op
WorkloadPilot   10: 11 op, 493502702.00 ns, 44.8639 ms/op
WorkloadPilot   11: 12 op, 554216163.00 ns, 46.1847 ms/op

WorkloadWarmup   1: 12 op, 541517974.00 ns, 45.1265 ms/op
WorkloadWarmup   2: 12 op, 476515366.00 ns, 39.7096 ms/op
WorkloadWarmup   3: 12 op, 435306078.00 ns, 36.2755 ms/op
WorkloadWarmup   4: 12 op, 471633508.00 ns, 39.3028 ms/op
WorkloadWarmup   5: 12 op, 473226863.00 ns, 39.4356 ms/op
WorkloadWarmup   6: 12 op, 426714556.00 ns, 35.5595 ms/op
WorkloadWarmup   7: 12 op, 428216883.00 ns, 35.6847 ms/op
WorkloadWarmup   8: 12 op, 441952679.00 ns, 36.8294 ms/op
WorkloadWarmup   9: 12 op, 495118106.00 ns, 41.2598 ms/op
WorkloadWarmup  10: 12 op, 492956319.00 ns, 41.0797 ms/op

// BeforeActualRun
WorkloadActual   1: 12 op, 419924497.00 ns, 34.9937 ms/op
WorkloadActual   2: 12 op, 440975123.00 ns, 36.7479 ms/op
WorkloadActual   3: 12 op, 408862837.00 ns, 34.0719 ms/op
WorkloadActual   4: 12 op, 401134832.00 ns, 33.4279 ms/op
WorkloadActual   5: 12 op, 402611699.00 ns, 33.5510 ms/op
WorkloadActual   6: 12 op, 416318624.00 ns, 34.6932 ms/op
WorkloadActual   7: 12 op, 400202008.00 ns, 33.3502 ms/op
WorkloadActual   8: 12 op, 405207703.00 ns, 33.7673 ms/op
WorkloadActual   9: 12 op, 396716093.00 ns, 33.0597 ms/op
WorkloadActual  10: 12 op, 399421702.00 ns, 33.2851 ms/op
WorkloadActual  11: 12 op, 400519052.00 ns, 33.3766 ms/op
WorkloadActual  12: 12 op, 405168969.00 ns, 33.7641 ms/op
WorkloadActual  13: 12 op, 405774052.00 ns, 33.8145 ms/op
WorkloadActual  14: 12 op, 401302624.00 ns, 33.4419 ms/op
WorkloadActual  15: 12 op, 403734642.00 ns, 33.6446 ms/op

// AfterActualRun
WorkloadResult   1: 12 op, 408862837.00 ns, 34.0719 ms/op
WorkloadResult   2: 12 op, 401134832.00 ns, 33.4279 ms/op
WorkloadResult   3: 12 op, 402611699.00 ns, 33.5510 ms/op
WorkloadResult   4: 12 op, 416318624.00 ns, 34.6932 ms/op
WorkloadResult   5: 12 op, 400202008.00 ns, 33.3502 ms/op
WorkloadResult   6: 12 op, 405207703.00 ns, 33.7673 ms/op
WorkloadResult   7: 12 op, 396716093.00 ns, 33.0597 ms/op
WorkloadResult   8: 12 op, 399421702.00 ns, 33.2851 ms/op
WorkloadResult   9: 12 op, 400519052.00 ns, 33.3766 ms/op
WorkloadResult  10: 12 op, 405168969.00 ns, 33.7641 ms/op
WorkloadResult  11: 12 op, 405774052.00 ns, 33.8145 ms/op
WorkloadResult  12: 12 op, 401302624.00 ns, 33.4419 ms/op
WorkloadResult  13: 12 op, 403734642.00 ns, 33.6446 ms/op

// AfterAll
// Benchmark Process 2977123 has exited with code 0.

Mean = 33.634 ms, StdErr = 0.115 ms (0.34%), N = 13, StdDev = 0.415 ms
Min = 33.060 ms, Q1 = 33.377 ms, Median = 33.551 ms, Q3 = 33.767 ms, Max = 34.693 ms
IQR = 0.391 ms, LowerFence = 32.791 ms, UpperFence = 34.353 ms
ConfidenceInterval = [33.138 ms; 34.131 ms] (CI 99.9%), Margin = 0.497 ms (1.48% of Mean)
Skewness = 1.07, Kurtosis = 3.72, MValue = 2

// ** Remained 0 (0.0%) benchmark(s) to run. Estimated finish 2026-09-16 13:44 (0h 0m from now) **
// ***** BenchmarkRunner: Finish  *****

// * Export *
  BenchmarkDotNet.Artifacts/results/BenchmarkDeJoin.Benchmarks-report.csv
  BenchmarkDotNet.Artifacts/results/BenchmarkDeJoin.Benchmarks-report-github.md
  BenchmarkDotNet.Artifacts/results/BenchmarkDeJoin.Benchmarks-report.html

// * Detailed results *
Benchmarks.LoadDefinition: DefaultJob [NewMethod=false]
Runtime = .NET 10.0.12 (10.0.12, 10.0.1226.42308), X64 RyuJIT x86-64-v3; GC = Concurrent Workstation
Mean = 45.177 ms, StdErr = 0.246 ms (0.54%), N = 29, StdDev = 1.324 ms
Min = 43.199 ms, Q1 = 44.268 ms, Median = 44.671 ms, Q3 = 45.912 ms, Max = 48.280 ms
IQR = 1.644 ms, LowerFence = 41.802 ms, UpperFence = 48.379 ms
ConfidenceInterval = [44.274 ms; 46.081 ms] (CI 99.9%), Margin = 0.903 ms (2.00% of Mean)
Skewness = 0.91, Kurtosis = 2.57, MValue = 2.11
-------------------- Histogram --------------------
[42.941 ms ; 44.043 ms) | @@
[44.043 ms ; 45.175 ms) | @@@@@@@@@@@@@@@@@@
[45.175 ms ; 46.701 ms) | @@@@
[46.701 ms ; 48.374 ms) | @@@@@
---------------------------------------------------

Benchmarks.LoadDefinition: DefaultJob [NewMethod=true]
Runtime = .NET 10.0.12 (10.0.12, 10.0.1226.42308), X64 RyuJIT x86-64-v3; GC = Concurrent Workstation
Mean = 33.634 ms, StdErr = 0.115 ms (0.34%), N = 13, StdDev = 0.415 ms
Min = 33.060 ms, Q1 = 33.377 ms, Median = 33.551 ms, Q3 = 33.767 ms, Max = 34.693 ms
IQR = 0.391 ms, LowerFence = 32.791 ms, UpperFence = 34.353 ms
ConfidenceInterval = [33.138 ms; 34.131 ms] (CI 99.9%), Margin = 0.497 ms (1.48% of Mean)
Skewness = 1.07, Kurtosis = 3.72, MValue = 2
-------------------- Histogram --------------------
[32.828 ms ; 33.894 ms) | @@@@@@@@@@@
[33.894 ms ; 34.925 ms) | @@
---------------------------------------------------

// * Summary *

BenchmarkDotNet v0.15.8, Linux Debian GNU/Linux forky/sid
Intel Core i7-10750H CPU 2.60GHz (Max: 4.29GHz), 1 CPU, 12 logical and 6 physical cores
.NET SDK 10.0.401
  [Host]     : .NET 10.0.12 (10.0.12, 10.0.1226.42308), X64 RyuJIT x86-64-v3
  DefaultJob : .NET 10.0.12 (10.0.12, 10.0.1226.42308), X64 RyuJIT x86-64-v3


| Method         | NewMethod | Mean     | Error    | StdDev   |
|--------------- |---------- |---------:|---------:|---------:|
| LoadDefinition | false     | 45.18 ms | 0.903 ms | 1.324 ms |
| LoadDefinition | true      | 33.63 ms | 0.497 ms | 0.415 ms |

// * Hints *
Outliers
  Benchmarks.LoadDefinition: Default -> 1 outlier  was  removed (61.27 ms)
  Benchmarks.LoadDefinition: Default -> 2 outliers were removed (34.99 ms, 36.75 ms)

// * Legends *
  NewMethod : Value of the 'NewMethod' parameter
  Mean      : Arithmetic mean of all measurements
  Error     : Half of 99.9% confidence interval
  StdDev    : Standard deviation of all measurements
  1 ms      : 1 Millisecond (0.001 sec)

// ***** BenchmarkRunner: End *****
Run time: 00:00:41 (41.69 sec), executed benchmarks: 2

Global total time: 00:01:03 (63.31 sec), executed benchmarks: 2
// * Artifacts cleanup *
Artifacts cleanup is finished
