// Validating benchmarks:
// ***** BenchmarkRunner: Start   *****
// ***** Found 2 benchmark(s) in total *****
// ***** Building 1 exe(s) in Parallel: Start   *****
// start dotnet  restore --nodeReuse:false /p:UseSharedCompilation=false /p:Deterministic=true /p:Optimize=true /p:ArtifactsPath="/home/thomas/Code/DatabaseManager/benchmark/BenchmarkDeJoin/bin/Release/net10.0/BenchmarkDeJoin-DefaultJob-1/" /p:OutDir="/home/thomas/Code/DatabaseManager/benchmark/BenchmarkDeJoin/bin/Release/net10.0/BenchmarkDeJoin-DefaultJob-1/bin/Release/net10.0/" /p:OutputPath="/home/thomas/Code/DatabaseManager/benchmark/BenchmarkDeJoin/bin/Release/net10.0/BenchmarkDeJoin-DefaultJob-1/bin/Release/net10.0/" /p:PublishDir="/home/thomas/Code/DatabaseManager/benchmark/BenchmarkDeJoin/bin/Release/net10.0/BenchmarkDeJoin-DefaultJob-1/publish/" in /home/thomas/Code/DatabaseManager/benchmark/BenchmarkDeJoin/bin/Release/net10.0/BenchmarkDeJoin-DefaultJob-1
// command took 2.01 sec and exited with 0
// start dotnet  build -c Release --no-restore --nodeReuse:false /p:UseSharedCompilation=false /p:Deterministic=true /p:Optimize=true /p:ArtifactsPath="/home/thomas/Code/DatabaseManager/benchmark/BenchmarkDeJoin/bin/Release/net10.0/BenchmarkDeJoin-DefaultJob-1/" /p:OutDir="/home/thomas/Code/DatabaseManager/benchmark/BenchmarkDeJoin/bin/Release/net10.0/BenchmarkDeJoin-DefaultJob-1/bin/Release/net10.0/" /p:OutputPath="/home/thomas/Code/DatabaseManager/benchmark/BenchmarkDeJoin/bin/Release/net10.0/BenchmarkDeJoin-DefaultJob-1/bin/Release/net10.0/" /p:PublishDir="/home/thomas/Code/DatabaseManager/benchmark/BenchmarkDeJoin/bin/Release/net10.0/BenchmarkDeJoin-DefaultJob-1/publish/" --output "/home/thomas/Code/DatabaseManager/benchmark/BenchmarkDeJoin/bin/Release/net10.0/BenchmarkDeJoin-DefaultJob-1/bin/Release/net10.0/" in /home/thomas/Code/DatabaseManager/benchmark/BenchmarkDeJoin/bin/Release/net10.0/BenchmarkDeJoin-DefaultJob-1
// command took 16.3 sec and exited with 0
// ***** Done, took 00:00:18 (18.37 sec)   *****
// Found 2 benchmarks:
//   Benchmarks.LoadDefinition: DefaultJob [NewMethod=false]
//   Benchmarks.LoadDefinition: DefaultJob [NewMethod=true]

// **************************
// Benchmark: Benchmarks.LoadDefinition: DefaultJob [NewMethod=false]
// *** Execute ***
// Launch: 1 / 1
// Execute: dotnet BenchmarkDeJoin-DefaultJob-1.dll --anonymousPipes 129 130 --benchmarkName "BenchmarkDeJoin.Benchmarks.LoadDefinition(NewMethod: \"false\")" --job Default --benchmarkId 0 in /home/thomas/Code/DatabaseManager/benchmark/BenchmarkDeJoin/bin/Release/net10.0/BenchmarkDeJoin-DefaultJob-1/bin/Release/net10.0
// Failed to set up high priority (Permission denied). In order to run benchmarks with high priority, make sure you have the right permissions.
// BeforeAnythingElse

// Benchmark Process Environment Information:
// BenchmarkDotNet v0.15.8
// Runtime=.NET 10.0.12 (10.0.12, 10.0.1226.42308), X64 RyuJIT x86-64-v3
// GC=Concurrent Workstation
// HardwareIntrinsics=AVX2+BMI1+BMI2+F16C+FMA+LZCNT+MOVBE,AVX,SSE3+SSSE3+SSE4.1+SSE4.2+POPCNT,X86Base+SSE+SSE2,AES+PCLMUL VectorSize=256
// Job: DefaultJob

OverheadJitting  1: 1 op, 137857.00 ns, 137.8570 us/op
WorkloadJitting  1: 1 op, 489117323.00 ns, 489.1173 ms/op

OverheadJitting  2: 1 op, 898.00 ns, 898.0000 ns/op
WorkloadJitting  2: 1 op, 60242892.00 ns, 60.2429 ms/op

WorkloadPilot    1: 2 op, 112403359.00 ns, 56.2017 ms/op
WorkloadPilot    2: 3 op, 185010765.00 ns, 61.6703 ms/op
WorkloadPilot    3: 4 op, 254575334.00 ns, 63.6438 ms/op
WorkloadPilot    4: 5 op, 277911513.00 ns, 55.5823 ms/op
WorkloadPilot    5: 6 op, 339661735.00 ns, 56.6103 ms/op
WorkloadPilot    6: 7 op, 408569022.00 ns, 58.3670 ms/op
WorkloadPilot    7: 8 op, 459246131.00 ns, 57.4058 ms/op
WorkloadPilot    8: 9 op, 537332916.00 ns, 59.7037 ms/op

WorkloadWarmup   1: 9 op, 531326739.00 ns, 59.0363 ms/op
WorkloadWarmup   2: 9 op, 538594849.00 ns, 59.8439 ms/op
WorkloadWarmup   3: 9 op, 518996712.00 ns, 57.6663 ms/op
WorkloadWarmup   4: 9 op, 466283066.00 ns, 51.8092 ms/op
WorkloadWarmup   5: 9 op, 459136978.00 ns, 51.0152 ms/op
WorkloadWarmup   6: 9 op, 428528074.00 ns, 47.6142 ms/op
WorkloadWarmup   7: 9 op, 417120808.00 ns, 46.3468 ms/op
WorkloadWarmup   8: 9 op, 425797396.00 ns, 47.3108 ms/op
WorkloadWarmup   9: 9 op, 411881676.00 ns, 45.7646 ms/op

// BeforeActualRun
WorkloadActual   1: 9 op, 397524631.00 ns, 44.1694 ms/op
WorkloadActual   2: 9 op, 407444803.00 ns, 45.2716 ms/op
WorkloadActual   3: 9 op, 407343006.00 ns, 45.2603 ms/op
WorkloadActual   4: 9 op, 402345276.00 ns, 44.7050 ms/op
WorkloadActual   5: 9 op, 401968547.00 ns, 44.6632 ms/op
WorkloadActual   6: 9 op, 392284377.00 ns, 43.5872 ms/op
WorkloadActual   7: 9 op, 395160044.00 ns, 43.9067 ms/op
WorkloadActual   8: 9 op, 383191914.00 ns, 42.5769 ms/op
WorkloadActual   9: 9 op, 378422328.00 ns, 42.0469 ms/op
WorkloadActual  10: 9 op, 383597517.00 ns, 42.6219 ms/op
WorkloadActual  11: 9 op, 384337244.00 ns, 42.7041 ms/op
WorkloadActual  12: 9 op, 389070374.00 ns, 43.2300 ms/op
WorkloadActual  13: 9 op, 385233701.00 ns, 42.8037 ms/op
WorkloadActual  14: 9 op, 384453930.00 ns, 42.7171 ms/op
WorkloadActual  15: 9 op, 385775465.00 ns, 42.8639 ms/op
WorkloadActual  16: 9 op, 383565700.00 ns, 42.6184 ms/op
WorkloadActual  17: 9 op, 380859814.00 ns, 42.3178 ms/op
WorkloadActual  18: 9 op, 380392679.00 ns, 42.2659 ms/op
WorkloadActual  19: 9 op, 385302548.00 ns, 42.8114 ms/op
WorkloadActual  20: 9 op, 513110162.00 ns, 57.0122 ms/op
WorkloadActual  21: 9 op, 417213063.00 ns, 46.3570 ms/op
WorkloadActual  22: 9 op, 391728354.00 ns, 43.5254 ms/op
WorkloadActual  23: 9 op, 387365739.00 ns, 43.0406 ms/op
WorkloadActual  24: 9 op, 380977399.00 ns, 42.3308 ms/op
WorkloadActual  25: 9 op, 386365556.00 ns, 42.9295 ms/op
WorkloadActual  26: 9 op, 387813303.00 ns, 43.0904 ms/op

// AfterActualRun
WorkloadResult   1: 9 op, 397524631.00 ns, 44.1694 ms/op
WorkloadResult   2: 9 op, 407444803.00 ns, 45.2716 ms/op
WorkloadResult   3: 9 op, 407343006.00 ns, 45.2603 ms/op
WorkloadResult   4: 9 op, 402345276.00 ns, 44.7050 ms/op
WorkloadResult   5: 9 op, 401968547.00 ns, 44.6632 ms/op
WorkloadResult   6: 9 op, 392284377.00 ns, 43.5872 ms/op
WorkloadResult   7: 9 op, 395160044.00 ns, 43.9067 ms/op
WorkloadResult   8: 9 op, 383191914.00 ns, 42.5769 ms/op
WorkloadResult   9: 9 op, 378422328.00 ns, 42.0469 ms/op
WorkloadResult  10: 9 op, 383597517.00 ns, 42.6219 ms/op
WorkloadResult  11: 9 op, 384337244.00 ns, 42.7041 ms/op
WorkloadResult  12: 9 op, 389070374.00 ns, 43.2300 ms/op
WorkloadResult  13: 9 op, 385233701.00 ns, 42.8037 ms/op
WorkloadResult  14: 9 op, 384453930.00 ns, 42.7171 ms/op
WorkloadResult  15: 9 op, 385775465.00 ns, 42.8639 ms/op
WorkloadResult  16: 9 op, 383565700.00 ns, 42.6184 ms/op
WorkloadResult  17: 9 op, 380859814.00 ns, 42.3178 ms/op
WorkloadResult  18: 9 op, 380392679.00 ns, 42.2659 ms/op
WorkloadResult  19: 9 op, 385302548.00 ns, 42.8114 ms/op
WorkloadResult  20: 9 op, 391728354.00 ns, 43.5254 ms/op
WorkloadResult  21: 9 op, 387365739.00 ns, 43.0406 ms/op
WorkloadResult  22: 9 op, 380977399.00 ns, 42.3308 ms/op
WorkloadResult  23: 9 op, 386365556.00 ns, 42.9295 ms/op
WorkloadResult  24: 9 op, 387813303.00 ns, 43.0904 ms/op

// AfterAll
// Benchmark Process 3002167 has exited with code 0.

Mean = 43.252 ms, StdErr = 0.192 ms (0.44%), N = 24, StdDev = 0.941 ms
Min = 42.047 ms, Q1 = 42.621 ms, Median = 42.897 ms, Q3 = 43.667 ms, Max = 45.272 ms
IQR = 1.046 ms, LowerFence = 41.052 ms, UpperFence = 45.236 ms
ConfidenceInterval = [42.528 ms; 43.976 ms] (CI 99.9%), Margin = 0.724 ms (1.67% of Mean)
Skewness = 0.88, Kurtosis = 2.52, MValue = 2

// ** Remained 1 (50.0%) benchmark(s) to run. Estimated finish 2026-09-16 14:01 (0h 0m from now) **
// **************************
// Benchmark: Benchmarks.LoadDefinition: DefaultJob [NewMethod=true]
// *** Execute ***
// Launch: 1 / 1
// Execute: dotnet BenchmarkDeJoin-DefaultJob-1.dll --anonymousPipes 129 130 --benchmarkName "BenchmarkDeJoin.Benchmarks.LoadDefinition(NewMethod: \"true\")" --job Default --benchmarkId 1 in /home/thomas/Code/DatabaseManager/benchmark/BenchmarkDeJoin/bin/Release/net10.0/BenchmarkDeJoin-DefaultJob-1/bin/Release/net10.0
// Failed to set up high priority (Permission denied). In order to run benchmarks with high priority, make sure you have the right permissions.
// BeforeAnythingElse

// Benchmark Process Environment Information:
// BenchmarkDotNet v0.15.8
// Runtime=.NET 10.0.12 (10.0.12, 10.0.1226.42308), X64 RyuJIT x86-64-v3
// GC=Concurrent Workstation
// HardwareIntrinsics=AVX2+BMI1+BMI2+F16C+FMA+LZCNT+MOVBE,AVX,SSE3+SSSE3+SSE4.1+SSE4.2+POPCNT,X86Base+SSE+SSE2,AES+PCLMUL VectorSize=256
// Job: DefaultJob

OverheadJitting  1: 1 op, 137577.00 ns, 137.5770 us/op
WorkloadJitting  1: 1 op, 509212649.00 ns, 509.2126 ms/op

OverheadJitting  2: 1 op, 898.00 ns, 898.0000 ns/op
WorkloadJitting  2: 1 op, 54030511.00 ns, 54.0305 ms/op

WorkloadPilot    1: 2 op, 91961997.00 ns, 45.9810 ms/op
WorkloadPilot    2: 3 op, 135222806.00 ns, 45.0743 ms/op
WorkloadPilot    3: 4 op, 176897178.00 ns, 44.2243 ms/op
WorkloadPilot    4: 5 op, 225334863.00 ns, 45.0670 ms/op
WorkloadPilot    5: 6 op, 281491818.00 ns, 46.9153 ms/op
WorkloadPilot    6: 7 op, 316945311.00 ns, 45.2779 ms/op
WorkloadPilot    7: 8 op, 383301531.00 ns, 47.9127 ms/op
WorkloadPilot    8: 9 op, 423201031.00 ns, 47.0223 ms/op
WorkloadPilot    9: 10 op, 461474044.00 ns, 46.1474 ms/op
WorkloadPilot   10: 11 op, 502160313.00 ns, 45.6509 ms/op

WorkloadWarmup   1: 11 op, 620463050.00 ns, 56.4057 ms/op
WorkloadWarmup   2: 11 op, 576131870.00 ns, 52.3756 ms/op
WorkloadWarmup   3: 11 op, 447364042.00 ns, 40.6695 ms/op
WorkloadWarmup   4: 11 op, 407570509.00 ns, 37.0519 ms/op
WorkloadWarmup   5: 11 op, 404521790.00 ns, 36.7747 ms/op
WorkloadWarmup   6: 11 op, 402827870.00 ns, 36.6207 ms/op
WorkloadWarmup   7: 11 op, 385278869.00 ns, 35.0254 ms/op
WorkloadWarmup   8: 11 op, 386814793.00 ns, 35.1650 ms/op
WorkloadWarmup   9: 11 op, 390640802.00 ns, 35.5128 ms/op
WorkloadWarmup  10: 11 op, 388130623.00 ns, 35.2846 ms/op
WorkloadWarmup  11: 11 op, 381625916.00 ns, 34.6933 ms/op
WorkloadWarmup  12: 11 op, 386711936.00 ns, 35.1556 ms/op
WorkloadWarmup  13: 11 op, 380212858.00 ns, 34.5648 ms/op

// BeforeActualRun
WorkloadActual   1: 11 op, 364212808.00 ns, 33.1103 ms/op
WorkloadActual   2: 11 op, 363030485.00 ns, 33.0028 ms/op
WorkloadActual   3: 11 op, 367246470.00 ns, 33.3860 ms/op
WorkloadActual   4: 11 op, 366783998.00 ns, 33.3440 ms/op
WorkloadActual   5: 11 op, 355177247.00 ns, 32.2888 ms/op
WorkloadActual   6: 11 op, 360829373.00 ns, 32.8027 ms/op
WorkloadActual   7: 11 op, 354891146.00 ns, 32.2628 ms/op
WorkloadActual   8: 11 op, 355200999.00 ns, 32.2910 ms/op
WorkloadActual   9: 11 op, 355862146.00 ns, 32.3511 ms/op
WorkloadActual  10: 11 op, 357936006.00 ns, 32.5396 ms/op
WorkloadActual  11: 11 op, 382361029.00 ns, 34.7601 ms/op
WorkloadActual  12: 11 op, 353782639.00 ns, 32.1621 ms/op
WorkloadActual  13: 11 op, 354646907.00 ns, 32.2406 ms/op
WorkloadActual  14: 11 op, 356489447.00 ns, 32.4081 ms/op
WorkloadActual  15: 11 op, 352322538.00 ns, 32.0293 ms/op

// AfterActualRun
WorkloadResult   1: 11 op, 364212808.00 ns, 33.1103 ms/op
WorkloadResult   2: 11 op, 363030485.00 ns, 33.0028 ms/op
WorkloadResult   3: 11 op, 367246470.00 ns, 33.3860 ms/op
WorkloadResult   4: 11 op, 366783998.00 ns, 33.3440 ms/op
WorkloadResult   5: 11 op, 355177247.00 ns, 32.2888 ms/op
WorkloadResult   6: 11 op, 360829373.00 ns, 32.8027 ms/op
WorkloadResult   7: 11 op, 354891146.00 ns, 32.2628 ms/op
WorkloadResult   8: 11 op, 355200999.00 ns, 32.2910 ms/op
WorkloadResult   9: 11 op, 355862146.00 ns, 32.3511 ms/op
WorkloadResult  10: 11 op, 357936006.00 ns, 32.5396 ms/op
WorkloadResult  11: 11 op, 353782639.00 ns, 32.1621 ms/op
WorkloadResult  12: 11 op, 354646907.00 ns, 32.2406 ms/op
WorkloadResult  13: 11 op, 356489447.00 ns, 32.4081 ms/op
WorkloadResult  14: 11 op, 352322538.00 ns, 32.0293 ms/op

// AfterAll
// Benchmark Process 3002330 has exited with code 0.

Mean = 32.587 ms, StdErr = 0.122 ms (0.37%), N = 14, StdDev = 0.455 ms
Min = 32.029 ms, Q1 = 32.269 ms, Median = 32.380 ms, Q3 = 32.953 ms, Max = 33.386 ms
IQR = 0.683 ms, LowerFence = 31.244 ms, UpperFence = 33.978 ms
ConfidenceInterval = [32.074 ms; 33.100 ms] (CI 99.9%), Margin = 0.513 ms (1.57% of Mean)
Skewness = 0.59, Kurtosis = 1.7, MValue = 2

// ** Remained 0 (0.0%) benchmark(s) to run. Estimated finish 2026-09-16 14:01 (0h 0m from now) **
// ***** BenchmarkRunner: Finish  *****

// * Export *
  BenchmarkDotNet.Artifacts/results/BenchmarkDeJoin.Benchmarks-report.csv
  BenchmarkDotNet.Artifacts/results/BenchmarkDeJoin.Benchmarks-report-github.md
  BenchmarkDotNet.Artifacts/results/BenchmarkDeJoin.Benchmarks-report.html

// * Detailed results *
Benchmarks.LoadDefinition: DefaultJob [NewMethod=false]
Runtime = .NET 10.0.12 (10.0.12, 10.0.1226.42308), X64 RyuJIT x86-64-v3; GC = Concurrent Workstation
Mean = 43.252 ms, StdErr = 0.192 ms (0.44%), N = 24, StdDev = 0.941 ms
Min = 42.047 ms, Q1 = 42.621 ms, Median = 42.897 ms, Q3 = 43.667 ms, Max = 45.272 ms
IQR = 1.046 ms, LowerFence = 41.052 ms, UpperFence = 45.236 ms
ConfidenceInterval = [42.528 ms; 43.976 ms] (CI 99.9%), Margin = 0.724 ms (1.67% of Mean)
Skewness = 0.88, Kurtosis = 2.52, MValue = 2
-------------------- Histogram --------------------
[41.619 ms ; 43.106 ms) | @@@@@@@@@@@@@@@
[43.106 ms ; 44.286 ms) | @@@@@
[44.286 ms ; 45.417 ms) | @@@@
---------------------------------------------------

Benchmarks.LoadDefinition: DefaultJob [NewMethod=true]
Runtime = .NET 10.0.12 (10.0.12, 10.0.1226.42308), X64 RyuJIT x86-64-v3; GC = Concurrent Workstation
Mean = 32.587 ms, StdErr = 0.122 ms (0.37%), N = 14, StdDev = 0.455 ms
Min = 32.029 ms, Q1 = 32.269 ms, Median = 32.380 ms, Q3 = 32.953 ms, Max = 33.386 ms
IQR = 0.683 ms, LowerFence = 31.244 ms, UpperFence = 33.978 ms
ConfidenceInterval = [32.074 ms; 33.100 ms] (CI 99.9%), Margin = 0.513 ms (1.57% of Mean)
Skewness = 0.59, Kurtosis = 1.7, MValue = 2
-------------------- Histogram --------------------
[32.027 ms ; 33.526 ms) | @@@@@@@@@@@@@@
---------------------------------------------------

// * Summary *

BenchmarkDotNet v0.15.8, Linux Debian GNU/Linux forky/sid
Intel Core i7-10750H CPU 2.60GHz (Max: 2.27GHz), 1 CPU, 12 logical and 6 physical cores
.NET SDK 10.0.401
  [Host]     : .NET 10.0.12 (10.0.12, 10.0.1226.42308), X64 RyuJIT x86-64-v3
  DefaultJob : .NET 10.0.12 (10.0.12, 10.0.1226.42308), X64 RyuJIT x86-64-v3


| Method         | NewMethod | Mean     | Error    | StdDev   |
|--------------- |---------- |---------:|---------:|---------:|
| LoadDefinition | false     | 43.25 ms | 0.724 ms | 0.941 ms |
| LoadDefinition | true      | 32.59 ms | 0.513 ms | 0.455 ms |

// * Hints *
Outliers
  Benchmarks.LoadDefinition: Default -> 2 outliers were removed (46.36 ms, 57.01 ms)
  Benchmarks.LoadDefinition: Default -> 1 outlier  was  removed (34.76 ms)

// * Legends *
  NewMethod : Value of the 'NewMethod' parameter
  Mean      : Arithmetic mean of all measurements
  Error     : Half of 99.9% confidence interval
  StdDev    : Standard deviation of all measurements
  1 ms      : 1 Millisecond (0.001 sec)

// ***** BenchmarkRunner: End *****
Run time: 00:00:36 (36.05 sec), executed benchmarks: 2

Global total time: 00:00:54 (54.52 sec), executed benchmarks: 2
// * Artifacts cleanup *
Artifacts cleanup is finished
